[21:24:01] [ServerMain/INFO]: Environment: Environment[sessionHost=https://sessionserver.mojang.com, servicesHost=https://api.minecraftservices.com, name=PROD]
[21:24:03] [ServerMain/INFO]: Loaded 1290 recipes
[21:24:03] [ServerMain/INFO]: Loaded 1399 advancements
[21:24:04] [Server thread/INFO]: Starting minecraft server version 1.21.1
[21:24:04] [Server thread/INFO]: Loading properties
[21:24:04] [Server thread/INFO]: Default game type: SURVIVAL
[21:24:04] [Server thread/INFO]: Generating keypair
[21:24:04] [Server thread/INFO]: Starting Minecraft server on *:25565
[21:24:04] [Server thread/INFO]: Using epoll channel type
[21:24:04] [Server thread/WARN]: **** SERVER IS RUNNING IN OFFLINE/INSECURE MODE!
[21:24:04] [Server thread/WARN]: The server will make no attempt to authenticate usernames. Beware.
[21:24:04] [Server thread/WARN]: While this makes the game possible to play without internet access, it also opens up the ability for hackers to connect with any username they choose.
[21:24:04] [Server thread/WARN]: To change this, set "online-mode" to "true" in the server.properties file.
[21:24:04] [Server thread/INFO]: Preparing level "world"
[21:24:07] [Server thread/INFO]: Preparing start region for dimension minecraft:overworld
[21:24:07] [Worker-Main-2/INFO]: Preparing spawn area: 0%
[21:24:07] [Server thread/INFO]: Time elapsed: 510 ms
[21:24:07] [Server thread/INFO]: Done (3.126s)! For help, type "help"
[21:24:21] [Server thread/INFO]: Santiagocity5155[/100.95.234.2:51815] logged in with entity id 85 at (319.99918935805454, 70.0, 58.679103787221806)
[21:24:21] [Server thread/INFO]: Santiagocity5155 joined the game
[21:27:39] [Server thread/INFO]: Made Santiagocity5155 a server operator
[21:27:48] [Server thread/INFO]: Santiagocity5155 lost connection: Disconnected
[21:27:48] [Server thread/INFO]: Santiagocity5155 left the game
[21:29:09] [Server thread/INFO]: Santiagocity5155[/100.95.234.2:64408] logged in with entity id 1038 at (281.80950228927753, 52.48677658311579, 23.33028403988384)
[21:29:10] [Server thread/INFO]: Santiagocity5155 joined the game
[21:29:35] [Server thread/INFO]: [Santiagocity5155: Set own game mode to Creative Mode]
[21:32:10] [Server thread/INFO]: Santiagocity5155 has made the advancement [Monster Hunter]
[21:32:41] [Server thread/INFO]: Stopping the server
[21:32:41] [Server thread/INFO]: Stopping server
[21:32:41] [Server thread/INFO]: Saving players
[21:32:41] [Server thread/INFO]: Santiagocity5155 lost connection: Server closed
[21:32:41] [Server thread/INFO]: Santiagocity5155 left the game
[21:32:41] [Server thread/INFO]: Saving worlds
[21:32:42] [Server thread/INFO]: Saving chunks for level 'ServerLevel[world]'/minecraft:overworld
[21:32:44] [Server thread/INFO]: Saving chunks for level 'ServerLevel[world]'/minecraft:the_end
[21:32:44] [Server thread/INFO]: Saving chunks for level 'ServerLevel[world]'/minecraft:the_nether
[21:32:44] [Server thread/INFO]: ThreadedAnvilChunkStorage (world): All chunks are saved
[21:32:44] [Server thread/INFO]: ThreadedAnvilChunkStorage (DIM1): All chunks are saved
[21:32:44] [Server thread/INFO]: ThreadedAnvilChunkStorage (DIM-1): All chunks are saved
[21:32:44] [Server thread/INFO]: ThreadedAnvilChunkStorage: All dimensions are saved
